route_aggregator.adb:452:13: medium: loop invariant might not be preserved by an arbitrary iteration
route_aggregator.adb:693:07: medium: exception might be raised
route_aggregator.adb:958:51: medium: assertion might fail, cannot prove not Contains (PlanRequests, E.Id)
route_aggregator.adb:1048:22: medium: assertion might fail, cannot prove No_Overlaps (Model (m_pendingRequest))
route_aggregator.ads:357:14: high: all paths in "Euclidean_Plan" raise exceptions or do not terminate normally
