uxas-comms-lmcp_net_client-service-example_spark_service-spark.adb:16:35: info: tag check proved
uxas-comms-lmcp_net_client-service-example_spark_service-spark.adb:18:82: info: range check proved
uxas-comms-lmcp_net_client-service-example_spark_service-spark.adb:19:36: info: tag check proved
uxas-comms-lmcp_net_client-service-example_spark_service-spark.adb:19:72: info: range check proved
uxas-comms-lmcp_net_client-service-example_spark_service-spark.ads:27:07: info: initialization of "Recognized_Id" proved
uxas-comms-lmcp_net_client-service-example_spark_service-spark.ads:31:08: info: postcondition proved
uxas-comms-lmcp_net_client-service-example_spark_service-spark.ads:32:37: info: tag check proved
