automation_request_validator.adb:19:06: medium: postcondition might fail, cannot prove IsReady = (IsReady'Old and Check_For_Required_Entity_Configurations (Entity_Ids, Configurations, States, Planning_States))
automation_request_validator.adb:34:08: info: postcondition proved
automation_request_validator.adb:50:08: info: postcondition proved
automation_request_validator.adb:58:37: info: initialization of "Val" proved
automation_request_validator.adb:83:12: info: range check proved
automation_request_validator.adb:83:46: info: range check proved
automation_request_validator.adb:117:13: info: initialization of "errResponse" proved
automation_request_validator.adb:120:33: info: precondition proved
automation_request_validator.adb:122:13: info: precondition proved
automation_request_validator.adb:145:45: info: precondition proved
automation_request_validator.adb:150:42: info: range check proved
automation_request_validator.adb:150:61: info: range check proved
automation_request_validator.adb:155:25: info: loop invariant initialization proved
automation_request_validator.adb:155:25: info: loop invariant preservation proved
automation_request_validator.adb:158:60: info: precondition proved
automation_request_validator.adb:173:19: info: loop invariant initialization proved
automation_request_validator.adb:173:19: info: loop invariant preservation proved
automation_request_validator.adb:175:50: info: precondition proved
automation_request_validator.adb:176:34: info: precondition proved
automation_request_validator.adb:177:62: info: precondition proved
automation_request_validator.adb:180:52: info: precondition proved
automation_request_validator.adb:191:64: info: precondition proved
automation_request_validator.adb:195:34: info: precondition proved
automation_request_validator.adb:195:34: info: assertion proved
automation_request_validator.adb:201:28: info: loop invariant preservation proved
automation_request_validator.adb:201:28: info: loop invariant initialization proved
automation_request_validator.adb:201:51: info: precondition proved
automation_request_validator.adb:209:37: info: range check proved
automation_request_validator.adb:209:56: info: range check proved
automation_request_validator.adb:219:16: info: assertion proved
automation_request_validator.adb:226:25: info: assertion proved
automation_request_validator.adb:233:19: info: precondition proved
automation_request_validator.adb:234:22: info: precondition proved
automation_request_validator.adb:273:18: info: precondition proved
automation_request_validator.adb:279:53: info: precondition proved
automation_request_validator.adb:284:40: info: range check proved
automation_request_validator.adb:284:67: info: range check proved
automation_request_validator.adb:289:25: info: loop invariant preservation proved
automation_request_validator.adb:289:25: info: loop invariant initialization proved
automation_request_validator.adb:292:67: info: precondition proved
automation_request_validator.adb:297:54: info: precondition proved
automation_request_validator.adb:302:33: info: range check proved
automation_request_validator.adb:302:61: info: range check proved
automation_request_validator.adb:306:25: info: loop invariant initialization proved
automation_request_validator.adb:306:25: info: loop invariant preservation proved
automation_request_validator.adb:309:68: info: precondition proved
automation_request_validator.adb:316:28: info: range check proved
automation_request_validator.adb:317:28: info: range check proved
automation_request_validator.adb:339:13: info: loop invariant preservation proved
automation_request_validator.adb:339:13: info: loop invariant initialization proved
automation_request_validator.adb:342:53: info: precondition proved
automation_request_validator.adb:348:26: info: precondition proved
automation_request_validator.adb:348:48: info: precondition proved
automation_request_validator.adb:350:45: info: precondition proved
automation_request_validator.adb:357:21: info: precondition proved
automation_request_validator.adb:361:31: info: discriminant check proved
automation_request_validator.adb:363:48: info: discriminant check proved
automation_request_validator.adb:367:43: info: range check proved
automation_request_validator.adb:367:64: info: discriminant check proved
automation_request_validator.adb:368:43: info: range check proved
automation_request_validator.adb:373:31: info: discriminant check proved
automation_request_validator.adb:375:48: info: discriminant check proved
automation_request_validator.adb:379:43: info: range check proved
automation_request_validator.adb:379:64: info: discriminant check proved
automation_request_validator.adb:380:43: info: range check proved
automation_request_validator.adb:385:31: info: discriminant check proved
automation_request_validator.adb:387:48: info: discriminant check proved
automation_request_validator.adb:392:43: info: range check proved
automation_request_validator.adb:392:64: info: discriminant check proved
automation_request_validator.adb:393:43: info: range check proved
automation_request_validator.adb:400:31: info: assertion proved
automation_request_validator.adb:402:61: info: range check proved
automation_request_validator.adb:403:31: info: range check proved
automation_request_validator.adb:446:07: info: initialization of "Id" proved
automation_request_validator.ads:89:07: info: range check proved
automation_request_validator.ads:90:33: info: range check proved
automation_request_validator.ads:97:19: info: range check proved
automation_request_validator.ads:118:16: info: data dependencies proved
automation_request_validator.ads:135:07: info: initialization of "IsReady" proved
automation_request_validator.ads:140:06: info: postcondition proved
automation_request_validator.ads:182:07: info: precondition proved
automation_request_validator.ads:185:07: info: precondition proved
automation_request_validator.ads:196:10: info: precondition proved
automation_request_validator.ads:200:28: info: precondition proved
automation_request_validator.ads:204:15: info: precondition proved
automation_request_validator.ads:217:10: info: precondition proved
automation_request_validator.ads:220:10: info: precondition proved
automation_request_validator.ads:233:19: info: discriminant check proved
automation_request_validator.ads:234:63: info: discriminant check proved
automation_request_validator.ads:236:19: info: discriminant check proved
automation_request_validator.ads:237:63: info: discriminant check proved
automation_request_validator.ads:239:19: info: discriminant check proved
automation_request_validator.ads:240:64: info: discriminant check proved
automation_request_validator.ads:252:07: info: precondition proved
automation_request_validator.ads:258:10: info: precondition proved
a-cfdlli.ads:469:49: info: overflow check proved, in instantiation at automation_request_validator.ads:92
a-cfdlli.ads:610:49: info: overflow check proved, in instantiation at automation_request_validator.ads:92
a-cfdlli.ads:700:57: info: overflow check proved, in instantiation at automation_request_validator.ads:92
a-cfdlli.ads:766:57: info: overflow check proved, in instantiation at automation_request_validator.ads:92
a-cfdlli.ads:853:28: info: overflow check proved, in instantiation at automation_request_validator.ads:92
a-cfdlli.ads:853:39: info: precondition proved, in instantiation at automation_request_validator.ads:92
a-cfdlli.ads:1029:43: info: overflow check proved, in instantiation at automation_request_validator.ads:92
a-cfdlli.ads:1210:06: info: disjoint contract cases proved, in instantiation at automation_request_validator.ads:92
a-cfdlli.ads:1349:20: info: precondition proved, in instantiation at automation_request_validator.ads:92
a-cfdlli.ads:1364:20: info: precondition proved, in instantiation at automation_request_validator.ads:92
a-cfdlli.ads:1379:20: info: precondition proved, in instantiation at automation_request_validator.ads:92
a-cfdlli.ads:1394:20: info: precondition proved, in instantiation at automation_request_validator.ads:92
a-cfdlli.ads:1416:14: info: precondition proved, in instantiation at automation_request_validator.ads:92
a-cfdlli.ads:1422:23: info: precondition proved, in instantiation at automation_request_validator.ads:92
a-cfdlli.ads:1471:14: info: precondition proved, in instantiation at automation_request_validator.ads:92
a-cfdlli.ads:1478:23: info: precondition proved, in instantiation at automation_request_validator.ads:92
a-cofuve.ads:96:06: info: data dependencies proved, in instantiation at a-cfhama.ads:107, in instantiation at automation_request_validator.ads:82
a-cofuve.ads:96:06: info: data dependencies proved, in instantiation at a-cfdlli.ads:69, in instantiation at automation_request_validator.ads:92
a-cofuve.ads:232:54: info: overflow check proved, in instantiation at a-cfhama.ads:107, in instantiation at automation_request_validator.ads:82
a-cofuve.ads:232:54: info: overflow check proved, in instantiation at a-cfdlli.ads:69, in instantiation at automation_request_validator.ads:92
a-cofuve.ads:237:63: info: range check proved, in instantiation at a-cfhama.ads:107, in instantiation at automation_request_validator.ads:82
a-cofuve.ads:237:63: info: range check proved, in instantiation at a-cfdlli.ads:69, in instantiation at automation_request_validator.ads:92
a-cofuve.ads:238:59: info: overflow check proved, in instantiation at a-cfhama.ads:107, in instantiation at automation_request_validator.ads:82
a-cofuve.ads:238:59: info: overflow check proved, in instantiation at a-cfdlli.ads:69, in instantiation at automation_request_validator.ads:92
a-cofuve.ads:238:76: info: overflow check proved, in instantiation at a-cfhama.ads:107, in instantiation at automation_request_validator.ads:82
a-cofuve.ads:238:76: info: overflow check proved, in instantiation at a-cfdlli.ads:69, in instantiation at automation_request_validator.ads:92
a-cofuve.ads:239:30: info: range check proved, in instantiation at a-cfhama.ads:107, in instantiation at automation_request_validator.ads:82
a-cofuve.ads:239:30: info: range check proved, in instantiation at a-cfdlli.ads:69, in instantiation at automation_request_validator.ads:92
a-cofuve.ads:300:52: info: overflow check proved, in instantiation at a-cfhama.ads:107, in instantiation at automation_request_validator.ads:82
a-cofuve.ads:300:52: info: overflow check proved, in instantiation at a-cfdlli.ads:69, in instantiation at automation_request_validator.ads:92
a-cfhama.ads:681:39: info: precondition proved, in instantiation at automation_request_validator.ads:82
a-cfhama.ads:690:17: info: precondition proved, in instantiation at automation_request_validator.ads:82
a-cfhama.ads:720:20: info: precondition proved, in instantiation at automation_request_validator.ads:82
a-cfhama.ads:735:20: info: precondition proved, in instantiation at automation_request_validator.ads:82
